MemTotal:        7941748 kB
MemFree:         7257072 kB
MemAvailable:    7648156 kB
Buffers:           63356 kB
Cached:           339440 kB
SwapCached:            0 kB
Active:           447896 kB
Inactive:         133412 kB
Active(anon):     179156 kB
Inactive(anon):     8444 kB
Active(file):     268740 kB
Inactive(file):   124968 kB
Unevictable:           0 kB
Mlocked:               0 kB
SwapTotal:             0 kB
SwapFree:              0 kB
Dirty:                 0 kB
Writeback:             0 kB
AnonPages:        178508 kB
Mapped:            44412 kB
Shmem:              9092 kB
Slab:              61368 kB
SReclaimable:      39328 kB
SUnreclaim:        22040 kB
KernelStack:        2976 kB
PageTables:         6928 kB
NFS_Unstable:          0 kB
Bounce:                0 kB
WritebackTmp:          0 kB
CommitLimit:     3970872 kB
Committed_AS:     512700 kB
VmallocTotal:   34359738367 kB
VmallocUsed:           0 kB
VmallocChunk:          0 kB
HardwareCorrupted:     0 kB
AnonHugePages:    120832 kB
CmaTotal:              0 kB
CmaFree:               0 kB
HugePages_Total:       0
HugePages_Free:        0
HugePages_Rsvd:        0
HugePages_Surp:        0
Hugepagesize:       2048 kB
DirectMap4k:       75712 kB
DirectMap2M:     8210432 kB
